// Vitest Snapshot v1, https://vitest.dev/guide/snapshot.html

exports[`Chat > renders empty state when no messages 1`] = `
<div
  class="flex-1 flex flex-col h-full"
>
  <div
    class="flex-1 overflow-y-auto"
  >
    <div
      animate="[object Object]"
      class="w-full h-full pb-10 flex items-center justify-center select-none"
      exit="[object Object]"
      initial="[object Object]"
      transition="[object Object]"
    >
      <p
        class="text-2xl font-medium"
      >
        Start a conversation with the AI assistant.
      </p>
    </div>
  </div>
  <div
    class="w-full bg-background z-20 px-5"
  >
    <div
      class="max-w-screen-md mx-auto"
    >
      <form
        class="flex w-full items-center rounded-full p-2 border border-primary shadow"
      >
        <input
          class="file:text-foreground placeholder:text-muted-foreground selection:bg-primary selection:text-primary-foreground dark:bg-input/30 border-input flex h-9 w-full min-w-0 rounded-md bg-transparent px-3 py-1 text-base transition-[color,box-shadow] outline-none file:inline-flex file:h-7 file:border-0 file:bg-transparent file:text-sm file:font-medium disabled:pointer-events-none disabled:cursor-not-allowed disabled:opacity-50 md:text-sm focus-visible:border-ring focus-visible:ring-ring/50 aria-invalid:ring-destructive/20 dark:aria-invalid:ring-destructive/40 aria-invalid:border-destructive flex-1 border-0 shadow-none !text-base focus-visible:ring-0 select-none"
          data-slot="input"
          name="message"
          placeholder="Type your message..."
          value=""
        />
        <button
          class="inline-flex items-center justify-center gap-2 whitespace-nowrap text-sm font-medium disabled:pointer-events-none disabled:opacity-50 [&_svg]:pointer-events-none [&_svg:not([class*='size-'])]:size-4 shrink-0 [&_svg]:shrink-0 outline-none focus-visible:border-ring focus-visible:ring-ring/50 focus-visible:ring-[3px] aria-invalid:ring-destructive/20 dark:aria-invalid:ring-destructive/40 aria-invalid:border-destructive text-primary-foreground shadow-xs px-4 py-2 has-[>svg]:px-3 size-10 rounded-full border border-primary cursor-pointer transition bg-[#a3e636] hover:bg-[#91cc33]"
          data-slot="button"
          type="submit"
        >
          <svg
            aria-hidden="true"
            class="lucide lucide-send-horizontal text-primary"
            fill="none"
            height="24"
            stroke="currentColor"
            stroke-linecap="round"
            stroke-linejoin="round"
            stroke-width="2"
            viewBox="0 0 24 24"
            width="24"
            xmlns="http://www.w3.org/2000/svg"
          >
            <path
              d="M3.714 3.048a.498.498 0 0 0-.683.627l2.843 7.627a2 2 0 0 1 0 1.396l-2.842 7.627a.498.498 0 0 0 .682.627l18-8.5a.5.5 0 0 0 0-.904z"
            />
            <path
              d="M6 12h16"
            />
          </svg>
        </button>
      </form>
      <p
        class="text-sm text-center py-2.5 text-muted-foreground select-none"
      >
        <span
          class="hidden md:inline-block"
        >
          AI can make mistakes. 
        </span>
        Please verify the information provided.
      </p>
    </div>
  </div>
</div>
`;

exports[`Chat > renders with current chat ID set 1`] = `
<div
  class="flex-1 flex flex-col h-full"
>
  <div
    class="flex-1 overflow-y-auto"
  >
    <div
      animate="[object Object]"
      class="w-full h-full pb-10 flex items-center justify-center select-none"
      exit="[object Object]"
      initial="[object Object]"
      transition="[object Object]"
    >
      <p
        class="text-2xl font-medium"
      >
        Start a conversation with the AI assistant.
      </p>
    </div>
  </div>
  <div
    class="w-full bg-background z-20 px-5"
  >
    <div
      class="max-w-screen-md mx-auto"
    >
      <form
        class="flex w-full items-center rounded-full p-2 border border-primary shadow"
      >
        <input
          class="file:text-foreground placeholder:text-muted-foreground selection:bg-primary selection:text-primary-foreground dark:bg-input/30 border-input flex h-9 w-full min-w-0 rounded-md bg-transparent px-3 py-1 text-base transition-[color,box-shadow] outline-none file:inline-flex file:h-7 file:border-0 file:bg-transparent file:text-sm file:font-medium disabled:pointer-events-none disabled:cursor-not-allowed disabled:opacity-50 md:text-sm focus-visible:border-ring focus-visible:ring-ring/50 aria-invalid:ring-destructive/20 dark:aria-invalid:ring-destructive/40 aria-invalid:border-destructive flex-1 border-0 shadow-none !text-base focus-visible:ring-0 select-none"
          data-slot="input"
          name="message"
          placeholder="Type your message..."
          value=""
        />
        <button
          class="inline-flex items-center justify-center gap-2 whitespace-nowrap text-sm font-medium disabled:pointer-events-none disabled:opacity-50 [&_svg]:pointer-events-none [&_svg:not([class*='size-'])]:size-4 shrink-0 [&_svg]:shrink-0 outline-none focus-visible:border-ring focus-visible:ring-ring/50 focus-visible:ring-[3px] aria-invalid:ring-destructive/20 dark:aria-invalid:ring-destructive/40 aria-invalid:border-destructive text-primary-foreground shadow-xs px-4 py-2 has-[>svg]:px-3 size-10 rounded-full border border-primary cursor-pointer transition bg-[#a3e636] hover:bg-[#91cc33]"
          data-slot="button"
          type="submit"
        >
          <svg
            aria-hidden="true"
            class="lucide lucide-send-horizontal text-primary"
            fill="none"
            height="24"
            stroke="currentColor"
            stroke-linecap="round"
            stroke-linejoin="round"
            stroke-width="2"
            viewBox="0 0 24 24"
            width="24"
            xmlns="http://www.w3.org/2000/svg"
          >
            <path
              d="M3.714 3.048a.498.498 0 0 0-.683.627l2.843 7.627a2 2 0 0 1 0 1.396l-2.842 7.627a.498.498 0 0 0 .682.627l18-8.5a.5.5 0 0 0 0-.904z"
            />
            <path
              d="M6 12h16"
            />
          </svg>
        </button>
      </form>
      <p
        class="text-sm text-center py-2.5 text-muted-foreground select-none"
      >
        <span
          class="hidden md:inline-block"
        >
          AI can make mistakes. 
        </span>
        Please verify the information provided.
      </p>
    </div>
  </div>
</div>
`;

exports[`Chat > renders with messages 1`] = `
<div
  class="flex-1 flex flex-col h-full"
>
  <div
    class="flex-1 overflow-y-auto"
  >
    <div
      animate="[object Object]"
      class="w-full bg-background z-20 px-5 py-8"
      exit="[object Object]"
      initial="[object Object]"
      transition="[object Object]"
    >
      <div
        class="max-w-screen-md mx-auto"
      >
        <div
          animate="[object Object]"
          exit="[object Object]"
          initial="[object Object]"
          transition="[object Object]"
        >
          <div
            class="flex mb-7 last:mb-0 justify-end"
          >
            <div
              class="min-w-0 max-w-full bg-primary text-primary-foreground px-4 py-2 rounded-[20px]"
            >
              <div
                class="leading-6.25 text-[15px] tracking-wide min-w-0 w-full"
              >
                <p
                  class="mb-4 last:mb-0"
                >
                  Hello
                </p>
              </div>
            </div>
          </div>
          <div
            class="flex mb-7 last:mb-0 justify-start"
          >
            <div
              class="min-w-0 max-w-full text-foreground"
            >
              <div
                class="leading-6.25 text-[15px] tracking-wide min-w-0 w-full"
              >
                <p
                  class="mb-4 last:mb-0"
                >
                  Hi there!
                </p>
              </div>
            </div>
          </div>
        </div>
      </div>
    </div>
  </div>
  <div
    class="w-full bg-background z-20 px-5"
  >
    <div
      class="max-w-screen-md mx-auto"
    >
      <form
        class="flex w-full items-center rounded-full p-2 border border-primary shadow"
      >
        <input
          class="file:text-foreground placeholder:text-muted-foreground selection:bg-primary selection:text-primary-foreground dark:bg-input/30 border-input flex h-9 w-full min-w-0 rounded-md bg-transparent px-3 py-1 text-base transition-[color,box-shadow] outline-none file:inline-flex file:h-7 file:border-0 file:bg-transparent file:text-sm file:font-medium disabled:pointer-events-none disabled:cursor-not-allowed disabled:opacity-50 md:text-sm focus-visible:border-ring focus-visible:ring-ring/50 aria-invalid:ring-destructive/20 dark:aria-invalid:ring-destructive/40 aria-invalid:border-destructive flex-1 border-0 shadow-none !text-base focus-visible:ring-0 select-none"
          data-slot="input"
          name="message"
          placeholder="Type your message..."
          value=""
        />
        <button
          class="inline-flex items-center justify-center gap-2 whitespace-nowrap text-sm font-medium disabled:pointer-events-none disabled:opacity-50 [&_svg]:pointer-events-none [&_svg:not([class*='size-'])]:size-4 shrink-0 [&_svg]:shrink-0 outline-none focus-visible:border-ring focus-visible:ring-ring/50 focus-visible:ring-[3px] aria-invalid:ring-destructive/20 dark:aria-invalid:ring-destructive/40 aria-invalid:border-destructive text-primary-foreground shadow-xs px-4 py-2 has-[>svg]:px-3 size-10 rounded-full border border-primary cursor-pointer transition bg-[#a3e636] hover:bg-[#91cc33]"
          data-slot="button"
          type="submit"
        >
          <svg
            aria-hidden="true"
            class="lucide lucide-send-horizontal text-primary"
            fill="none"
            height="24"
            stroke="currentColor"
            stroke-linecap="round"
            stroke-linejoin="round"
            stroke-width="2"
            viewBox="0 0 24 24"
            width="24"
            xmlns="http://www.w3.org/2000/svg"
          >
            <path
              d="M3.714 3.048a.498.498 0 0 0-.683.627l2.843 7.627a2 2 0 0 1 0 1.396l-2.842 7.627a.498.498 0 0 0 .682.627l18-8.5a.5.5 0 0 0 0-.904z"
            />
            <path
              d="M6 12h16"
            />
          </svg>
        </button>
      </form>
      <p
        class="text-sm text-center py-2.5 text-muted-foreground select-none"
      >
        <span
          class="hidden md:inline-block"
        >
          AI can make mistakes. 
        </span>
        Please verify the information provided.
      </p>
    </div>
  </div>
</div>
`;
